// Jest Snapshot v1, https://goo.gl/fbAQLP

exports[`SolarActivity Renders correctly with data 1`] = `
<LineChart
  barCategoryGap="10%"
  barGap={4}
  data={
    Array [
      Object {
        "time": "18:00",
        "watts": 724,
      },
      Object {
        "time": "21:00",
        "watts": 352,
      },
      Object {
        "time": "00:00",
        "watts": 46,
      },
      Object {
        "time": "03:00",
        "watts": 0,
      },
      Object {
        "time": "06:00",
        "watts": 0,
      },
      Object {
        "time": "09:00",
        "watts": 17,
      },
      Object {
        "time": "12:00",
        "watts": 224,
      },
      Object {
        "time": "15:00",
        "watts": 397,
      },
    ]
  }
  height={150}
  layout="horizontal"
  margin={
    Object {
      "bottom": 5,
      "left": 20,
      "right": 30,
      "top": 5,
    }
  }
  reverseStackOrder={false}
  stackOffset="none"
  width={500}
>
  <CartesianGrid
    fill="none"
    horizontal={true}
    horizontalFill={Array []}
    horizontalPoints={Array []}
    stroke="#ccc"
    strokeDasharray="3 3"
    vertical={true}
    verticalFill={Array []}
    verticalPoints={Array []}
  />
  <XAxis
    allowDataOverflow={false}
    allowDecimals={true}
    allowDuplicatedCategory={true}
    dataKey="time"
    domain={
      Array [
        0,
        "auto",
      ]
    }
    height={30}
    hide={false}
    mirror={false}
    orientation="bottom"
    padding={
      Object {
        "left": 0,
        "right": 0,
      }
    }
    reversed={false}
    scale="auto"
    tickCount={5}
    type="category"
    width={0}
    xAxisId={0}
  />
  <YAxis
    allowDataOverflow={false}
    allowDecimals={true}
    allowDuplicatedCategory={true}
    dataKey="watts"
    domain={
      Array [
        0,
        "auto",
      ]
    }
    height={0}
    hide={false}
    mirror={false}
    orientation="left"
    padding={
      Object {
        "bottom": 0,
        "top": 0,
      }
    }
    reversed={false}
    scale="auto"
    tickCount={5}
    type="number"
    width={60}
    yAxisId={0}
  />
  <Tooltip
    active={false}
    animationDuration={400}
    animationEasing="ease"
    contentStyle={Object {}}
    coordinate={
      Object {
        "x": 0,
        "y": 0,
      }
    }
    cursor={true}
    cursorStyle={Object {}}
    filterNull={true}
    isAnimationActive={true}
    itemStyle={Object {}}
    labelStyle={Object {}}
    offset={10}
    separator=" : "
    useTranslate3d={false}
    viewBox={
      Object {
        "x1": 0,
        "x2": 0,
        "y1": 0,
        "y2": 0,
      }
    }
    wrapperStyle={Object {}}
  />
  <Legend
    align="center"
    iconSize={14}
    layout="horizontal"
    verticalAlign="bottom"
  />
  <Line
    activeDot={
      Object {
        "r": 8,
      }
    }
    animateNewValues={true}
    animationBegin={0}
    animationDuration={1500}
    animationEasing="ease"
    connectNulls={false}
    dataKey="watts"
    dot={true}
    fill="#fff"
    hide={false}
    isAnimationActive={true}
    legendType="line"
    name="Watts m-2"
    onAnimationEnd={[Function]}
    onAnimationStart={[Function]}
    points={Array []}
    stroke="#8884d8"
    strokeWidth={1}
    type="monotone"
    xAxisId={0}
    yAxisId={0}
  />
</LineChart>
`;

exports[`SolarActivity Renders correctly without data 1`] = `<WithStyles(ForwardRef(CircularProgress)) />`;
