// Jest Snapshot v1, https://goo.gl/fbAQLP

exports[`Dashboard Renders correctly 1`] = `
<styled.section>
  <WithStyles(ForwardRef(Grid))
    container={true}
    spacing={2}
    styles={
      Object {
        "flexGrow": 1,
      }
    }
  >
    <WithStyles(ForwardRef(Grid))
      item={true}
      xs={12}
    >
      <WithStyles(ForwardRef(Grid))
        container={true}
        justify="flex-start"
        spacing={2}
      >
        <WithStyles(ForwardRef(Grid))
          item={true}
        >
          <TotalEnergyCard
            data={Array []}
          />
        </WithStyles(ForwardRef(Grid))>
        <WithStyles(ForwardRef(Grid))
          item={true}
        >
          <SolarActivity
            activity={Array []}
          />
        </WithStyles(ForwardRef(Grid))>
        <WithStyles(ForwardRef(Grid))
          item={true}
        >
          <CloudCoverage
            activity={Array []}
          />
        </WithStyles(ForwardRef(Grid))>
      </WithStyles(ForwardRef(Grid))>
      <WithStyles(ForwardRef(Grid))
        container={true}
        justify="flex-start"
        spacing={2}
      >
        <SolarPanelsTable
          data={Array []}
        />
      </WithStyles(ForwardRef(Grid))>
    </WithStyles(ForwardRef(Grid))>
  </WithStyles(ForwardRef(Grid))>
</styled.section>
`;
